https://smartstore.naver.com/main/products/9347771719
https://smartstore.naver.com/main/products/9393030059
https://smartstore.naver.com/main/products/6182706618
https://smartstore.naver.com/main/products/10051922640
https://smartstore.naver.com/main/products/11367002209
https://smartstore.naver.com/main/products/11646249017
https://smartstore.naver.com/main/products/10639180599
https://smartstore.naver.com/main/products/11515232586
https://smartstore.naver.com/main/products/9784215271
https://smartstore.naver.com/main/products/10659833199
https://smartstore.naver.com/main/products/9347771719
https://smartstore.naver.com/main/products/9393030059
https://smartstore.naver.com/main/products/6182706618
https://smartstore.naver.com/main/products/10051922640
https://smartstore.naver.com/main/products/11367002209
https://smartstore.naver.com/main/products/11646249017
https://smartstore.naver.com/main/products/10639180599
https://smartstore.naver.com/main/products/11515232586
https://smartstore.naver.com/main/products/9784215271
https://smartstore.naver.com/main/products/10659833199
https://smartstore.naver.com/main/products/9347771719
https://smartstore.naver.com/main/products/9393030059
https://smartstore.naver.com/main/products/6182706618
https://smartstore.naver.com/main/products/10051922640
https://smartstore.naver.com/main/products/11367002209
https://smartstore.naver.com/main/products/11646249017
https://smartstore.naver.com/main/products/10639180599
https://smartstore.naver.com/main/products/11515232586
https://smartstore.naver.com/main/products/9784215271
https://smartstore.naver.com/main/products/10659833199
https://smartstore.naver.com/main/products/10659833199
https://smartstore.naver.com/main/products/11825715911
